###############################################################################
#
# IAR ELF Linker V7.20.2.7424/W32 for ARM                 24/Sep/2016  14:56:40
# Copyright 2007-2014 IAR Systems AB.
#
#    Output file  =  
#        C:\Users\Administrator\Desktop\飞思卡尔\总1\Prj\IAR\DZ10_Debug\Exe\vcan_Kinetis.out
#    Map file     =  
#        C:\Users\Administrator\Desktop\飞思卡尔\总1\Prj\IAR\DZ10_Debug\List\vcan_Kinetis.map
#    Command line =  
#        C:\Users\Administrator\Desktop\飞思卡尔\总1\Prj\IAR\DZ10_Debug\Obj\angle.o
#        C:\Users\Administrator\Desktop\飞思卡尔\总1\Prj\IAR\DZ10_Debug\Obj\diskio.o
#        C:\Users\Administrator\Desktop\飞思卡尔\总1\Prj\IAR\DZ10_Debug\Obj\ff.o
#        C:\Users\Administrator\Desktop\飞思卡尔\总1\Prj\IAR\DZ10_Debug\Obj\main.o
#        C:\Users\Administrator\Desktop\飞思卡尔\总1\Prj\IAR\DZ10_Debug\Obj\misc.o
#        C:\Users\Administrator\Desktop\飞思卡尔\总1\Prj\IAR\DZ10_Debug\Obj\MK60_adc.o
#        C:\Users\Administrator\Desktop\飞思卡尔\总1\Prj\IAR\DZ10_Debug\Obj\MK60_can.o
#        C:\Users\Administrator\Desktop\飞思卡尔\总1\Prj\IAR\DZ10_Debug\Obj\MK60_conf.o
#        C:\Users\Administrator\Desktop\飞思卡尔\总1\Prj\IAR\DZ10_Debug\Obj\MK60_dac.o
#        C:\Users\Administrator\Desktop\飞思卡尔\总1\Prj\IAR\DZ10_Debug\Obj\MK60_dma.o
#        C:\Users\Administrator\Desktop\飞思卡尔\总1\Prj\IAR\DZ10_Debug\Obj\MK60_DWT.o
#        C:\Users\Administrator\Desktop\飞思卡尔\总1\Prj\IAR\DZ10_Debug\Obj\MK60_flash.o
#        C:\Users\Administrator\Desktop\飞思卡尔\总1\Prj\IAR\DZ10_Debug\Obj\MK60_flexbus.o
#        C:\Users\Administrator\Desktop\飞思卡尔\总1\Prj\IAR\DZ10_Debug\Obj\MK60_ftm.o
#        C:\Users\Administrator\Desktop\飞思卡尔\总1\Prj\IAR\DZ10_Debug\Obj\MK60_gpio.o
#        C:\Users\Administrator\Desktop\飞思卡尔\总1\Prj\IAR\DZ10_Debug\Obj\MK60_i2c.o
#        C:\Users\Administrator\Desktop\飞思卡尔\总1\Prj\IAR\DZ10_Debug\Obj\MK60_it.o
#        C:\Users\Administrator\Desktop\飞思卡尔\总1\Prj\IAR\DZ10_Debug\Obj\MK60_lptmr.o
#        C:\Users\Administrator\Desktop\飞思卡尔\总1\Prj\IAR\DZ10_Debug\Obj\MK60_mcg.o
#        C:\Users\Administrator\Desktop\飞思卡尔\总1\Prj\IAR\DZ10_Debug\Obj\MK60_PIT.o
#        C:\Users\Administrator\Desktop\飞思卡尔\总1\Prj\IAR\DZ10_Debug\Obj\MK60_port.o
#        C:\Users\Administrator\Desktop\飞思卡尔\总1\Prj\IAR\DZ10_Debug\Obj\MK60_rtc.o
#        C:\Users\Administrator\Desktop\飞思卡尔\总1\Prj\IAR\DZ10_Debug\Obj\MK60_sdhc.o
#        C:\Users\Administrator\Desktop\飞思卡尔\总1\Prj\IAR\DZ10_Debug\Obj\MK60_spi.o
#        C:\Users\Administrator\Desktop\飞思卡尔\总1\Prj\IAR\DZ10_Debug\Obj\MK60_SysTick.o
#        C:\Users\Administrator\Desktop\飞思卡尔\总1\Prj\IAR\DZ10_Debug\Obj\MK60_uart.o
#        C:\Users\Administrator\Desktop\飞思卡尔\总1\Prj\IAR\DZ10_Debug\Obj\MK60_usb.o
#        C:\Users\Administrator\Desktop\飞思卡尔\总1\Prj\IAR\DZ10_Debug\Obj\MK60_wdog.o
#        C:\Users\Administrator\Desktop\飞思卡尔\总1\Prj\IAR\DZ10_Debug\Obj\speed.o
#        C:\Users\Administrator\Desktop\飞思卡尔\总1\Prj\IAR\DZ10_Debug\Obj\startup_MK60DZ10.o
#        C:\Users\Administrator\Desktop\飞思卡尔\总1\Prj\IAR\DZ10_Debug\Obj\system_MK60DZ10.o
#        C:\Users\Administrator\Desktop\飞思卡尔\总1\Prj\IAR\DZ10_Debug\Obj\USB.o
#        C:\Users\Administrator\Desktop\飞思卡尔\总1\Prj\IAR\DZ10_Debug\Obj\USB_CDC.o
#        C:\Users\Administrator\Desktop\飞思卡尔\总1\Prj\IAR\DZ10_Debug\Obj\VCAN_ASCII.o
#        C:\Users\Administrator\Desktop\飞思卡尔\总1\Prj\IAR\DZ10_Debug\Obj\VCAN_BMP.o
#        C:\Users\Administrator\Desktop\飞思卡尔\总1\Prj\IAR\DZ10_Debug\Obj\VCAN_camera.o
#        C:\Users\Administrator\Desktop\飞思卡尔\总1\Prj\IAR\DZ10_Debug\Obj\VCAN_computer.o
#        C:\Users\Administrator\Desktop\飞思卡尔\总1\Prj\IAR\DZ10_Debug\Obj\vcan_img2sd.o
#        C:\Users\Administrator\Desktop\飞思卡尔\总1\Prj\IAR\DZ10_Debug\Obj\VCAN_key.o
#        C:\Users\Administrator\Desktop\飞思卡尔\总1\Prj\IAR\DZ10_Debug\Obj\VCAN_key_event.o
#        C:\Users\Administrator\Desktop\飞思卡尔\总1\Prj\IAR\DZ10_Debug\Obj\VCAN_LCD.o
#        C:\Users\Administrator\Desktop\飞思卡尔\总1\Prj\IAR\DZ10_Debug\Obj\VCAN_LCD_CH.o
#        C:\Users\Administrator\Desktop\飞思卡尔\总1\Prj\IAR\DZ10_Debug\Obj\VCAN_LCD_ILI9341.o
#        C:\Users\Administrator\Desktop\飞思卡尔\总1\Prj\IAR\DZ10_Debug\Obj\VCAN_LCD_ST7735R.o
#        C:\Users\Administrator\Desktop\飞思卡尔\总1\Prj\IAR\DZ10_Debug\Obj\VCAN_LCD_ST7735S.o
#        C:\Users\Administrator\Desktop\飞思卡尔\总1\Prj\IAR\DZ10_Debug\Obj\VCAN_LED.o
#        C:\Users\Administrator\Desktop\飞思卡尔\总1\Prj\IAR\DZ10_Debug\Obj\VCAN_MMA7455.o
#        C:\Users\Administrator\Desktop\飞思卡尔\总1\Prj\IAR\DZ10_Debug\Obj\VCAN_NRF24L0.o
#        C:\Users\Administrator\Desktop\飞思卡尔\总1\Prj\IAR\DZ10_Debug\Obj\VCAN_NRF24L0_MSG.o
#        C:\Users\Administrator\Desktop\飞思卡尔\总1\Prj\IAR\DZ10_Debug\Obj\VCAN_OV7725_Eagle.o
#        C:\Users\Administrator\Desktop\飞思卡尔\总1\Prj\IAR\DZ10_Debug\Obj\VCAN_OV7725_Wolf.o
#        C:\Users\Administrator\Desktop\飞思卡尔\总1\Prj\IAR\DZ10_Debug\Obj\VCAN_RTC_count.o
#        C:\Users\Administrator\Desktop\飞思卡尔\总1\Prj\IAR\DZ10_Debug\Obj\VCAN_SCCB.o
#        C:\Users\Administrator\Desktop\飞思卡尔\总1\Prj\IAR\DZ10_Debug\Obj\vcan_sd_app.o
#        C:\Users\Administrator\Desktop\飞思卡尔\总1\Prj\IAR\DZ10_Debug\Obj\Vcan_touch.o
#        C:\Users\Administrator\Desktop\飞思卡尔\总1\Prj\IAR\DZ10_Debug\Obj\VCAN_TSL1401.o
#        C:\Users\Administrator\Desktop\飞思卡尔\总1\Prj\IAR\DZ10_Debug\Obj\VCAN_UI_VAR.o
#        C:\Users\Administrator\Desktop\飞思卡尔\总1\Prj\IAR\DZ10_Debug\Obj\vectors.o
#        --redirect _Printf=_PrintfLargeNoMb --redirect _Scanf=_ScanfLargeNoMb
#        -o
#        C:\Users\Administrator\Desktop\飞思卡尔\总1\Prj\IAR\DZ10_Debug\Exe\vcan_Kinetis.out
#        --map
#        C:\Users\Administrator\Desktop\飞思卡尔\总1\Prj\IAR\DZ10_Debug\List\vcan_Kinetis.map
#        --config "C:\Users\Administrator\Desktop\飞思卡尔\总1\Prj\IAR\config
#        files\vcan_ROM_K60N512.icf"
#        C:\Users\Administrator\Desktop\飞思卡尔\总1\Prj\IAR\..\..\Lib\CMSIS\iar_cortexM4l_math.a
#        --entry __iar_program_start --vfe
#
###############################################################################

*******************************************************************************
*** RUNTIME MODEL ATTRIBUTES
***

CppFlavor       = *
__SystemLibrary = DLib


*******************************************************************************
*** PLACEMENT SUMMARY
***

"A1":  place at 0x00000000 { ro section .intvec };
"A2":  place at 0x00000410 { ro section .noinit };
"P1":  place in [from 0x00000000 to 0x00080000] { ro, block CodeRelocate };
"P2":  place in [from 0x1fff0410 to 0x20010000] {
          rw, block CodeRelocateRam, block CSTACK, block HEAP };

  Section              Kind        Address    Size  Object
  -------              ----        -------    ----  ------
"A1":                                        0x410
  .intvec              const    0x00000000   0x410  vectors.o [1]
                              - 0x00000410   0x410

"P1", part 1 of 2:                             0x0
  .rodata              const    0x00000410     0x0  zero_init3.o [5]

"A2":                                          0x8
  .noinit              ro code  0x00000410     0x8  startup_MK60DZ10.o [1]
                              - 0x00000418     0x8

"P1", part 2 of 2:                          0x65b8
  .text                ro code  0x00000418  0x1c18  VCAN_LCD_ST7735R.o [1]
  .text                ro code  0x00002030   0x128  MK60_gpio.o [1]
  .text                ro code  0x00002158    0xb0  MK60_port.o [1]
  .text                ro code  0x00002208    0x64  MK60_SysTick.o [1]
  Veneer               ro code  0x0000226c     0x8  - Linker created -
  Veneer               ro code  0x00002274     0x8  - Linker created -
  .text                ro code  0x0000227c   0x140  MK60_conf.o [1]
  .text                ro code  0x000023bc    0x70  VCAN_LED.o [1]
  .text                ro code  0x0000242c    0x24  printf.o [3]
  .text                ro code  0x00002450   0x270  MK60_uart.o [1]
  .text                ro code  0x000026c0    0x9c  VCAN_key.o [1]
  .text                ro code  0x0000275c   0xbee  xprintflarge_nomb.o [3]
  .text                ro code  0x0000334a    0x22  zero_init3.o [5]
  .text                ro code  0x0000336c    0x16  strchr.o [5]
  .rodata              const    0x00003382     0x2  VCAN_camera.o [1]
  .text                ro code  0x00003384    0x36  strlen.o [5]
  .rodata              const    0x000033ba     0x2  VCAN_computer.o [1]
  .text                ro code  0x000033bc    0x58  memchr.o [5]
  .text                ro code  0x00003414    0xee  I64DivMod.o [5]
  .rodata              const    0x00003502     0x2  VCAN_computer.o [1]
  .text                ro code  0x00003504    0x76  ABImemcpy_unaligned.o [5]
  .text                ro code  0x0000357a    0x42  xdnorm.o [4]
  .text                ro code  0x000035bc    0x2e  DblCmpLe.o [4]
  .text                ro code  0x000035ec   0x1a2  DblMul.o [4]
  .text                ro code  0x00003790   0x246  DblDiv.o [4]
  .text                ro code  0x000039d8    0x2c  DblToI32.o [4]
  .text                ro code  0x00003a04    0x1c  I32ToDbl.o [4]
  .text                ro code  0x00003a20   0x180  DblSub.o [4]
  .text                ro code  0x00003ba0    0x6c  localeconv.o [3]
  .text                ro code  0x00003c0c     0xe  div.o [3]
  .text                ro code  0x00003c1c     0x2  I64DivZer.o [5]
  .text                ro code  0x00003c20    0xd4  DblAdd.o [4]
  .text                ro code  0x00003cf4     0x2  xtls.o [3]
  .data_init                    0x00003cf8   0x858  <Block>
    Initializer bytes  ro data  0x00003cf8   0x858  <for .data-1>
  .rodata              const    0x00004550   0x600  VCAN_ASCII.o [1]
  .text                ro code  0x00004b50   0x48c  VCAN_LCD.o [1]
  Veneer               ro code  0x00004fdc     0x8  - Linker created -
  .text                ro code  0x00004fe4   0x3c8  MK60_mcg.o [1]
  .text                ro code  0x000053ac   0x394  MK60_ftm.o [1]
  .text                ro code  0x00005740   0x362  VCAN_SCCB.o [1]
  .text                ro code  0x00005aa4   0x284  MK60_dma.o [1]
  .text                ro code  0x00005d28   0x234  VCAN_OV7725_Eagle.o [1]
  CodeRelocate                  0x00005f5c   0x1c8  <Block>
    Initializer bytes  ro data  0x00005f5c   0x1c8  <for CodeRelocateRam-1>
  .text                ro code  0x00006124   0x130  system_MK60DZ10.o [1]
  .text                ro code  0x00006254    0x40  MK60_wdog.o [1]
  .text                ro code  0x00006294    0xec  main.o [1]
  .text                ro code  0x00006380    0x50  misc.o [1]
  .text                ro code  0x000063d0    0x46  speed.o [1]
  .text                ro code  0x00006416    0x12  angle.o [1]
  .text                ro code  0x00006428    0x94  VCAN_camera.o [1]
  .text                ro code  0x000064bc    0x40  VCAN_computer.o [1]
  .rodata              const    0x000064fc    0x4c  VCAN_LCD_ST7735R.o [1]
  .rodata              const    0x00006548    0x44  MK60_flash.o [1]
  .rodata              const    0x0000658c    0x44  MK60_gpio.o [1]
  .rodata              const    0x000065d0    0x44  MK60_SysTick.o [1]
  .rodata              const    0x00006614    0x44  MK60_uart.o [1]
  .rodata              const    0x00006658    0x40  MK60_dma.o [1]
  .rodata              const    0x00006698    0x40  MK60_ftm.o [1]
  .rodata              const    0x000066d8    0x3c  misc.o [1]
  .rodata              const    0x00006714    0x3c  MK60_conf.o [1]
  .text                ro code  0x00006750    0x28  data_init.o [5]
  .rodata              const    0x00006778    0x24  MK60_conf.o [1]
  .rodata              const    0x0000679c    0x24  VCAN_OV7725_Eagle.o [1]
  .rodata              const    0x000067c0    0x24  VCAN_OV7725_Eagle.o [1]
  .iar.init_table      const    0x000067e4    0x10  - Linker created -
  .rodata              const    0x000067f4    0x20  MK60_conf.o [1]
  .rodata              const    0x00006814    0x20  speed.o [1]
  .rodata              const    0x00006834    0x20  VCAN_OV7725_Eagle.o [1]
  .text                ro code  0x00006854    0x1a  cmain.o [5]
  .text                ro code  0x0000686e     0x4  low_level_init.o [3]
  .text                ro code  0x00006872     0x4  exit.o [3]
  .text                ro code  0x00006878     0xa  cexit.o [5]
  .text                ro code  0x00006884     0xc  XXexit.o [5]
  .rodata              const    0x00006890    0x18  VCAN_OV7725_Eagle.o [1]
  .rodata              const    0x000068a8    0x18  VCAN_OV7725_Eagle.o [1]
  .text                ro code  0x000068c0    0x16  xprout.o [3]
  .text                ro code  0x000068d8     0xc  putchar.o [3]
  .rodata              const    0x000068e4    0x14  MK60_conf.o [1]
  .rodata              const    0x000068f8    0x14  VCAN_OV7725_Eagle.o [1]
  .rodata              const    0x0000690c    0x10  main.o [1]
  .rodata              const    0x0000691c    0x10  main.o [1]
  .text                ro code  0x0000692c     0xc  cstartup_M.o [5]
  .rodata              const    0x00006938     0x4  main.o [1]
  .rodata              const    0x0000693c     0x4  main.o [1]
  .rodata              const    0x00006940     0x4  VCAN_LCD.o [1]
  .rodata              const    0x00006944     0x4  VCAN_LCD.o [1]
  Initializer bytes    ro data  0x00006948    0x88  <for P2 s0>
                              - 0x000069d0  0x65b8

"P2":                                        0xd70
  .data                         0x1fff0410   0x858  <Block>
    .data-1                     0x1fff0410   0x858  <Init block>
      .data            inited   0x1fff0410   0x708  MK60_conf.o [1]
      .data            inited   0x1fff0b18     0xc  MK60_ftm.o [1]
      .data            inited   0x1fff0b24    0x14  MK60_gpio.o [1]
      .data            inited   0x1fff0b38    0x44  MK60_mcg.o [1]
      .data            inited   0x1fff0b7c     0x4  MK60_mcg.o [1]
      .data            inited   0x1fff0b80    0x14  MK60_port.o [1]
      .data            inited   0x1fff0b94    0x18  MK60_uart.o [1]
      .data            inited   0x1fff0bac     0x8  VCAN_key.o [1]
      .data            inited   0x1fff0bb4     0x2  VCAN_LCD_ST7735R.o [1]
      .data            inited   0x1fff0bb6     0x2  VCAN_LCD_ST7735R.o [1]
      .data            inited   0x1fff0bb8     0x4  VCAN_LED.o [1]
      .data            inited   0x1fff0bbc     0x1  VCAN_OV7725_Eagle.o [1]
      .data            inited   0x1fff0bc0    0x64  VCAN_OV7725_Eagle.o [1]
      .data            inited   0x1fff0c24     0x1  VCAN_OV7725_Eagle.o [1]
      .data            inited   0x1fff0c28    0x40  xfiles.o [3]
  CodeRelocateRam               0x1fff0c68   0x1c8  <Block>
    CodeRelocateRam-1           0x1fff0c68   0x1c8  <Init block>
      Veneer           inited   0x1fff0c68     0x8  - Linker created -
      Veneer           inited   0x1fff0c70     0x8  - Linker created -
      .textrw          inited   0x1fff0c78   0x168  MK60_flash.o [1]
      .textrw          inited   0x1fff0de0    0x50  MK60_mcg.o [1]
  .bss                          0x1fff0e30   0x2c5  <Block>
    .bss               zero     0x1fff0e30   0x258  main.o [1]
    .bss               zero     0x1fff1088     0xc  MK60_ftm.o [1]
    .bss               zero     0x1fff1094     0x4  system_MK60DZ10.o [1]
    .bss               zero     0x1fff1098     0x4  system_MK60DZ10.o [1]
    .bss               zero     0x1fff109c     0x4  system_MK60DZ10.o [1]
    .bss               zero     0x1fff10a0     0x4  VCAN_OV7725_Eagle.o [1]
    .bss               zero     0x1fff10a4    0x50  xfiles.o [3]
    .bss               zero     0x1fff10f4     0x1  VCAN_LCD_ST7735R.o [1]
  P2 s0                         0x1fff10f8    0x88  <Init block>
    __DLIB_PERTHREAD   inited   0x1fff10f8    0x88  localeconv.o [3]
                              - 0x1fff1180   0xd70


*******************************************************************************
*** INIT TABLE
***

          Address     Size
          -------     ----
Zero (__iar_zero_init3)
    1 destination range, total size 0x2c5:
          0x1fff0e30  0x2c5



*******************************************************************************
*** MODULE SUMMARY
***

    Module                 ro code  rw code  ro data  rw data
    ------                 -------  -------  -------  -------
C:\Users\Administrator\Desktop\飞思卡尔\总1\Prj\IAR\DZ10_Debug\Obj: [1]
    MK60_SysTick.o             100                68
    MK60_conf.o                320             1 948    1 800
    MK60_dma.o                 644                64
    MK60_flash.o                        360      428
    MK60_ftm.o                 916                76       24
    MK60_gpio.o                296                88       20
    MK60_mcg.o                 968       80      152       72
    MK60_port.o                176                20       20
    MK60_uart.o                624                92       24
    MK60_wdog.o                 64
    VCAN_ASCII.o                               1 536
    VCAN_LCD.o               1 164                 8
    VCAN_LCD_ST7735R.o       7 192                80        5
    VCAN_LED.o                 112                 4        4
    VCAN_OV7725_Eagle.o        564               277      106
    VCAN_SCCB.o                866
    VCAN_camera.o              148                 2
    VCAN_computer.o             64                 4
    VCAN_key.o                 156                 8        8
    angle.o                     18
    main.o                     236                40      600
    misc.o                      80                60
    speed.o                     70                32
    startup_MK60DZ10.o           8
    system_MK60DZ10.o          304                         12
    vectors.o                                  1 040
    ---------------------------------------------------------
    Total:                  15 090      440    6 027    2 695

command line: [2]
    ---------------------------------------------------------
    Total:

dl7M_tlf.a: [3]
    div.o                       14
    exit.o                       4
    localeconv.o               108               136      136
    low_level_init.o             4
    printf.o                    36
    putchar.o                   12
    xfiles.o                                      67      144
    xprintflarge_nomb.o      3 054
    xprout.o                    22
    xtls.o                       2
    ---------------------------------------------------------
    Total:                   3 256               203      280

m7M_tl.a: [4]
    DblAdd.o                   212
    DblCmpLe.o                  46
    DblDiv.o                   582
    DblMul.o                   418
    DblSub.o                   384
    DblToI32.o                  44
    I32ToDbl.o                  28
    xdnorm.o                    66
    ---------------------------------------------------------
    Total:                   1 780

rt7M_tl.a: [5]
    ABImemcpy_unaligned.o      118
    I64DivMod.o                238
    I64DivZer.o                  2
    XXexit.o                    12
    cexit.o                     10
    cmain.o                     26
    cstartup_M.o                12
    data_init.o                 40
    memchr.o                    88
    strchr.o                    22
    strlen.o                    54
    zero_init3.o                34
    ---------------------------------------------------------
    Total:                     656

    Gaps                        18                          6
    Linker created              24       16       32
-------------------------------------------------------------
    Grand Total:            20 824      456    6 262    2 981


*******************************************************************************
*** ENTRY LIST
***

Entry                      Address   Size  Type      Object
-----                      -------   ----  ----      ------
.bss$$Base              0x1fff0e30          --   Gb  - Linker created -
.bss$$Limit             0x1fff10f5          --   Gb  - Linker created -
.data$$Base             0x1fff0410          --   Gb  - Linker created -
.data$$Limit            0x1fff0c68          --   Gb  - Linker created -
.data_init$$Base        0x00003cf8          --   Gb  - Linker created -
.data_init$$Limit       0x00004550          --   Gb  - Linker created -
?main                   0x00006855         Code  Gb  cmain.o [5]
ASSERT_FAILED_STR       0x00006778   0x24  Data  Gb  MK60_conf.o [1]
CodeRelocate$$Base      0x00005f5c          --   Gb  - Linker created -
CodeRelocate$$Limit     0x00006124          --   Gb  - Linker created -
CodeRelocateRam$$Base   0x1fff0c68          --   Gb  - Linker created -
CodeRelocateRam$$Limit  0x1fff0e30          --   Gb  - Linker created -
DMA0_IRQHandler         0x00006379    0x8  Code  Gb  main.o [1]
FTMN                    0x1fff0b18    0xc  Data  Gb  MK60_ftm.o [1]
FTM_port_mux            0x000053ad  0x118  Code  Lc  MK60_ftm.o [1]
GPIOX                   0x1fff0b24   0x14  Data  Gb  MK60_gpio.o [1]
KEY_PTxn                0x1fff0bac    0x8  Data  Gb  VCAN_key.o [1]
LCD_Img_Binary_Z        0x00004e53  0x168  Code  Gb  VCAN_LCD.o [1]
LCD_ST7735R_dir         0x000013d7  0xa0c  Code  Gb  VCAN_LCD_ST7735R.o [1]
LCD_ST7735R_init        0x00000419  0xfbe  Code  Gb  VCAN_LCD_ST7735R.o [1]
LCD_ST7735R_ptlon       0x00001df9  0x208  Code  Gb  VCAN_LCD_ST7735R.o [1]
LCD_char                0x00004c4d  0x19e  Code  Gb  VCAN_LCD.o [1]
LCD_init                0x00004b51   0x2c  Code  Gb  VCAN_LCD.o [1]
LCD_rectangle           0x00004b7d   0xd0  Code  Gb  VCAN_LCD.o [1]
LCD_str                 0x00004deb   0x68  Code  Gb  VCAN_LCD.o [1]
LED_PTxn                0x1fff0bb8    0x4  Data  Gb  VCAN_LED.o [1]
LoadInt                 0x00002cd9   0x6e  Code  Lc  xprintflarge_nomb.o [3]
NVIC_DisableIRQ         0x00005d3d   0x14  Code  Lc  VCAN_OV7725_Eagle.o [1]
NVIC_EnableIRQ          0x00005d29   0x14  Code  Lc  VCAN_OV7725_Eagle.o [1]
NVIC_SystemReset        0x0000227d   0x1a  Code  Lc  MK60_conf.o [1]
PORTB_IRQHandler        0x00006335   0x2a  Code  Gb  main.o [1]
PORTX                   0x1fff0b80   0x14  Data  Gb  MK60_port.o [1]
Region$$Table$$Base     0x000067e4          --   Gb  - Linker created -
Region$$Table$$Limit    0x000067f4          --   Gb  - Linker created -
Reset_Handler           0x00000411         Code  Gb  startup_MK60DZ10.o [1]
SCCB_Ack                0x00005815   0x3c  Code  Lc  VCAN_SCCB.o [1]
SCCB_GPIO_init          0x0000575b   0x28  Code  Gb  VCAN_SCCB.o [1]
SCCB_NoAck              0x00005851   0x3c  Code  Lc  VCAN_SCCB.o [1]
SCCB_ReadByte           0x000059f1   0x2c  Code  Gb  VCAN_SCCB.o [1]
SCCB_ReadByte_one       0x00005a1d   0x86  Code  Lc  VCAN_SCCB.o [1]
SCCB_ReceiveByte        0x0000591d   0x54  Code  Lc  VCAN_SCCB.o [1]
SCCB_SendByte           0x000058d9   0x44  Code  Lc  VCAN_SCCB.o [1]
SCCB_Start              0x00005783   0x5e  Code  Lc  VCAN_SCCB.o [1]
SCCB_Stop               0x000057e1   0x34  Code  Lc  VCAN_SCCB.o [1]
SCCB_WaitAck            0x0000588d   0x4c  Code  Lc  VCAN_SCCB.o [1]
SCCB_WriteByte          0x00005981   0x28  Code  Gb  VCAN_SCCB.o [1]
SCCB_WriteByte_one      0x000059a9   0x48  Code  Lc  VCAN_SCCB.o [1]
SCCB_delay              0x00005741   0x1a  Code  Lc  VCAN_SCCB.o [1]
ST7735R_get_h           0x00002001    0x6  Code  Gb  VCAN_LCD_ST7735R.o [1]
ST7735R_get_w           0x00002007    0x6  Code  Gb  VCAN_LCD_ST7735R.o [1]
UARTN                   0x1fff0b94   0x18  Data  Gb  MK60_uart.o [1]
_GenldLargeNoMb         0x000030cd  0x236  Code  Lc  xprintflarge_nomb.o [3]
_LdtobLargeNoMb         0x00002e4d  0x27a  Code  Lc  xprintflarge_nomb.o [3]
_LitobLargeNoMb         0x00002d47  0x106  Code  Lc  xprintflarge_nomb.o [3]
_Locale_aeabi_lconv     0x1fff1148   0x38  Data  Gb  localeconv.o [3]
_Locale_lconv           0x1fff10f8   0x50  Data  Gb  localeconv.o [3]
_PrintfLargeNoMb        0x0000275d  0x576  Code  Gb  xprintflarge_nomb.o [3]
_Prout                  0x000068c1   0x16  Code  Gb  xprout.o [3]
_PutcharsLargeNoMb      0x00003303   0x2e  Code  Lc  xprintflarge_nomb.o [3]
__BOOT_STACK_ADDRESS {Abs}
                        0x2000fff8          --   Gb  command line/config [2]
__VECTOR_RAM {Abs}      0x1fff0000          --   Gb  command line/config [2]
__VECTOR_TABLE {Abs}    0x00000000          --   Gb  command line/config [2]
__aeabi_cdcmple         0x000035bd         Code  Gb  DblCmpLe.o [4]
__aeabi_d2uiz           0x000039d9         Code  Gb  DblToI32.o [4]
__aeabi_ddiv            0x00003791         Code  Gb  DblDiv.o [4]
__aeabi_dmul            0x000035ed         Code  Gb  DblMul.o [4]
__aeabi_dsub            0x00003a21         Code  Gb  DblSub.o [4]
__aeabi_ldiv0           0x00003c1d         Code  Gb  I64DivZer.o [5]
__aeabi_ui2d            0x00003a05         Code  Gb  I32ToDbl.o [4]
__aeabi_uldivmod        0x00003415         Code  Gb  I64DivMod.o [5]
__as_entries_start      0xffffffff          --   Gb  command line/config [2]
__as_table_start        0xffffffff          --   Gb  command line/config [2]
__cmain                 0x00006855         Code  Gb  cmain.o [5]
__code_start__ {Abs}    0x00000410          --   Gb  command line/config [2]
__exit                  0x00006885         Code  Gb  XXexit.o [5]
__iar_Dnorm             0x0000357b   0x42  Code  Gb  xdnorm.o [4]
__iar_Locale_lconv_init
                        0x00003ba1   0x3a  Code  Gb  localeconv.o [3]
__iar_Memchr            0x000033bd         Code  Gb  memchr.o [5]
__iar_Stdout            0x1fff0c28   0x40  Data  Gb  xfiles.o [3]
__iar_Strchr            0x0000336d         Code  Gb  strchr.o [5]
__iar_d2uiz             0x000039e5         Code  Gb  DblToI32.o [4]
__iar_dadd              0x00003c21         Code  Gb  DblAdd.o [4]
__iar_data_init3        0x00006751   0x28  Code  Gb  data_init.o [5]
__iar_dlib_perthread_access
                        0x00003cf5    0x2  Code  Gb  xtls.o [3]
__iar_dsub              0x00003a35         Code  Gb  DblSub.o [4]
__iar_dsubStart         0x00003a47         Code  Gb  DblSub.o [4]
__iar_program_start     0x0000692d         Code  Gb  cstartup_M.o [5]
__iar_ui2d              0x00003a09         Code  Gb  I32ToDbl.o [4]
__iar_unaligned___aeabi_memcpy
                        0x00003505         Code  Gb  ABImemcpy_unaligned.o [5]
__iar_unaligned___aeabi_memcpy4
                        0x00003525         Code  Gb  ABImemcpy_unaligned.o [5]
__iar_unaligned___aeabi_memcpy8
                        0x00003525         Code  Gb  ABImemcpy_unaligned.o [5]
__iar_zero_init3        0x0000334b   0x22  Code  Gb  zero_init3.o [5]
__low_level_init        0x0000686f    0x4  Code  Gb  low_level_init.o [3]
__vector_table          0x00000000  0x410  Data  Gb  vectors.o [1]
_call_main              0x00006861         Code  Gb  cmain.o [5]
_exit                   0x00006879         Code  Gb  cexit.o [5]
_main                   0x0000686b         Code  Gb  cmain.o [5]
ascii_8x16              0x00004550  0x600  Data  Gb  VCAN_ASCII.o [1]
assert_failed           0x00002297   0x26  Code  Gb  MK60_conf.o [1]
bus_clk_khz             0x1fff109c    0x4  Data  Gb  system_MK60DZ10.o [1]
common_startup          0x00006183   0x98  Code  Gb  system_MK60DZ10.o [1]
core_clk_khz            0x1fff1094    0x4  Data  Gb  system_MK60DZ10.o [1]
core_clk_mhz            0x1fff1098    0x4  Data  Gb  system_MK60DZ10.o [1]
default_isr             0x0000236b   0x30  Code  Gb  MK60_conf.o [1]
div                     0x00003c0d    0xe  Code  Gb  div.o [3]
dma_gpio_input_init     0x00005aa5   0x5c  Code  Lc  MK60_dma.o [1]
dma_portx2buff_init     0x00005b01  0x1f4  Code  Gb  MK60_dma.o [1]
duojicontrol            0x00006427    0x2  Code  Gb  angle.o [1]
duojiinit               0x00006417   0x10  Code  Gb  angle.o [1]
exit                    0x00006873    0x4  Code  Gb  exit.o [3]
flash_cmd               0x1fff0c79   0x20  Code  Gb  MK60_flash.o [1]
flash_erase_sector      0x1fff0cc9   0x58  Code  Gb  MK60_flash.o [1]
flash_init              0x1fff0c99   0x30  Code  Gb  MK60_flash.o [1]
flash_write             0x1fff0d21   0x8e  Code  Gb  MK60_flash.o [1]
fputc                   0x000022bd   0x14  Code  Gb  MK60_conf.o [1]
ftm_mod                 0x1fff1088    0xc  Data  Lc  MK60_ftm.o [1]
ftm_pwm_duty            0x0000564b   0xdc  Code  Gb  MK60_ftm.o [1]
ftm_pwm_init            0x000054c5  0x186  Code  Gb  MK60_ftm.o [1]
gpio_get                0x00002117   0x3a  Code  Gb  MK60_gpio.o [1]
gpio_init               0x00002031   0xae  Code  Gb  MK60_gpio.o [1]
gpio_turn               0x000020df   0x38  Code  Gb  MK60_gpio.o [1]
img_extract             0x00006429   0x94  Code  Gb  VCAN_camera.o [1]
imgbuff                 0x1fff0e30  0x258  Data  Gb  main.o [1]
key_check               0x0000272d   0x2a  Code  Gb  VCAN_key.o [1]
key_get                 0x00002713   0x1a  Code  Gb  VCAN_key.o [1]
key_init                0x000026c1   0x52  Code  Gb  VCAN_key.o [1]
led_init                0x000023bd   0x3a  Code  Gb  VCAN_LED.o [1]
led_turn                0x000023f7   0x32  Code  Gb  VCAN_LED.o [1]
localeconv              0x00003bdb   0x16  Code  Gb  localeconv.o [3]
main                    0x00006295   0xa0  Code  Gb  main.o [1]
mcg_cfg                 0x1fff0b38   0x44  Data  Gb  MK60_mcg.o [1]
mcg_div                 0x1fff0b7c    0x4  Data  Gb  MK60_mcg.o [1]
mcg_div_count           0x00004fe5  0x2fa  Code  Gb  MK60_mcg.o [1]
memchr                  0x000033bd         Code  Gb  memchr.o [5]
obuf                    0x1fff10a4   0x50  Data  Lc  xfiles.o [3]
ov7725_eagle_cfgnum     0x1fff0c24    0x1  Data  Gb  VCAN_OV7725_Eagle.o [1]
ov7725_eagle_dma        0x00005e09   0x14  Code  Gb  VCAN_OV7725_Eagle.o [1]
ov7725_eagle_get_img    0x00005e1d   0x42  Code  Gb  VCAN_OV7725_Eagle.o [1]
ov7725_eagle_img_buff   0x1fff10a0    0x4  Data  Gb  VCAN_OV7725_Eagle.o [1]
ov7725_eagle_img_flag   0x1fff0bbc    0x1  Data  Gb  VCAN_OV7725_Eagle.o [1]
ov7725_eagle_init       0x00005d51   0x18  Code  Gb  VCAN_OV7725_Eagle.o [1]
ov7725_eagle_port_init  0x00005d69   0x54  Code  Lc  VCAN_OV7725_Eagle.o [1]
ov7725_eagle_reg        0x1fff0bc0   0x64  Data  Gb  VCAN_OV7725_Eagle.o [1]
ov7725_eagle_reg_init   0x00005e5f   0xb0  Code  Lc  VCAN_OV7725_Eagle.o [1]
ov7725_eagle_vsync      0x00005dbd   0x4c  Code  Gb  VCAN_OV7725_Eagle.o [1]
pll_init                0x000052df   0xb2  Code  Gb  MK60_mcg.o [1]
port_init               0x00002159   0x44  Code  Gb  MK60_port.o [1]
port_init_NoALT         0x0000219d   0x62  Code  Gb  MK60_port.o [1]
printf                  0x0000242d   0x24  Code  Gb  printf.o [3]
putchar                 0x000068d9    0xc  Code  Gb  putchar.o [3]
set_sys_dividers        0x1fff0de1   0x50  Code  Gb  MK60_mcg.o [1]
set_vector_handler      0x000063a3   0x22  Code  Gb  misc.o [1]
speedcontrol            0x000063fd    0x2  Code  Gb  speed.o [1]
speedinit               0x000063d1   0x26  Code  Gb  speed.o [1]
speedoutput             0x000063ff   0x18  Code  Gb  speed.o [1]
st7735r_dir             0x1fff10f4    0x1  Data  Gb  VCAN_LCD_ST7735R.o [1]
st7735r_h               0x1fff0bb4    0x2  Data  Gb  VCAN_LCD_ST7735R.o [1]
st7735r_w               0x1fff0bb6    0x2  Data  Gb  VCAN_LCD_ST7735R.o [1]
start                   0x00006125   0x22  Code  Gb  system_MK60DZ10.o [1]
start_check             0x000022d1   0x9a  Code  Gb  MK60_conf.o [1]
strchr                  0x0000336d         Code  Gb  strchr.o [5]
strlen                  0x00003385         Code  Gb  strlen.o [5]
sysinit                 0x00006147   0x3c  Code  Gb  system_MK60DZ10.o [1]
systick_delay           0x00002209   0x36  Code  Gb  MK60_SysTick.o [1]
systick_delay_ms        0x0000223f   0x18  Code  Gb  MK60_SysTick.o [1]
uart_init               0x00002451  0x218  Code  Gb  MK60_uart.o [1]
uart_putbuff            0x00002683   0x24  Code  Gb  MK60_uart.o [1]
uart_putchar            0x00002669   0x1a  Code  Gb  MK60_uart.o [1]
vcan_sendimg            0x000064bd   0x38  Code  Gb  VCAN_computer.o [1]
vector_str              0x1fff0410  0x708  Data  Gb  MK60_conf.o [1]
wdog_disable            0x00006255   0x16  Code  Gb  MK60_wdog.o [1]
wdog_unlock             0x0000626b   0x20  Code  Lc  MK60_wdog.o [1]
write_vtor              0x00006381   0x22  Code  Gb  misc.o [1]


[1] = C:\Users\Administrator\Desktop\飞思卡尔\总1\Prj\IAR\DZ10_Debug\Obj
[2] = command line
[3] = dl7M_tlf.a
[4] = m7M_tl.a
[5] = rt7M_tl.a

  20 824 bytes of readonly  code memory
     456 bytes of readwrite code memory
   6 262 bytes of readonly  data memory
   2 981 bytes of readwrite data memory

Errors: none
Warnings: none
